"$Header: /repo/public.cvs/app/BioGate/BioMooCore/dump.lst,v 1.1 2021/07/27 06:44:37 bruce Exp $

@dump #0 with create
@dump #1 with create
@dump #2 with create
@dump #3 with create
@dump #4 with create
@dump #5 with create
@dump #6 with create
@dump #7 with create
@dump #8 with create
@dump #9 with create
@dump #10 with create
@dump #11 with create
@dump #12 with create
@dump #13 with create
@dump #14 with create
@dump #15 with create
@dump #16 with create
@dump #17 with create
@dump #18 with create
@dump #19 with create
@dump #20 with create
@dump #21 with create
@dump #22 with create
@dump #23 with create
@dump #24 with create
@dump #25 with create
@dump #26 with create
@dump #27 with create
@dump #28 with create
@dump #29 with create
@dump #30 with create
@dump #31 with create
@dump #32 with create
@dump #33 with create
@dump #34 with create
@dump #35 with create
@dump #36 with create
@dump #37 with create
@dump #38 with create
@dump #39 with create
@dump #40 with create
@dump #41 with create
@dump #42 with create
@dump #43 with create
@dump #44 with create
@dump #45 with create
@dump #46 with create
@dump #47 with create
@dump #48 with create
@dump #49 with create
@dump #50 with create
@dump #51 with create
@dump #52 with create
@dump #53 with create
@dump #54 with create
@dump #55 with create
@dump #56 with create
@dump #57 with create
@dump #58 with create
@dump #59 with create
@dump #60 with create
@dump #61 with create
@dump #62 with create
@dump #63 with create
@dump #64 with create
@dump #65 with create
@dump #66 with create
@dump #67 with create
@dump #68 with create
@dump #69 with create
@dump #70 with create
@dump #71 with create
@dump #72 with create
@dump #73 with create
@dump #74 with create
@dump #75 with create
@dump #76 with create
@dump #77 with create
@dump #78 with create
@dump #79 with create
@dump #80 with create
@dump #81 with create
@dump #82 with create
@dump #83 with create
@dump #84 with create
@dump #85 with create
@dump #86 with create
@dump #87 with create
@dump #88 with create
@dump #89 with create
@dump #90 with create
@dump #91 with create
@dump #92 with create
@dump #93 with create
@dump #94 with create

@dump #95 with create
@dump #96 with create
@dump #97 with create
@dump #98 with create
@dump #99 with create
@dump #100 with create
@dump #101 with create
@dump #102 with create
@dump #103 with create
@dump #104 with create
@dump #105 with create
@dump #106 with create
@dump #107 with create
@dump #108 with create
@dump #109 with create
@dump #110 with create
@dump #111 with create
@dump #112 with create
@dump #113 with create
@dump #114 with create
@dump #115 with create
@dump #116 with create
@dump #117 with create
@dump #118 with create
@dump #119 with create
@dump #120 with create
@dump #121 with create
@dump #122 with create
@dump #123 with create
@dump #124 with create
@dump #126 with create
@dump #127 with create
@dump #128 with create
@dump #129 with create
@dump #130 with create
@dump #131 with create
@dump #132 with create
@dump #280 with create
@dump #284 with create
@dump #290 with create
@dump #341 with create
